Ôû▓ Next.js 16.1.6 (Turbopack)

  Creating an optimized production build ...
node.exe : 
At line:1 char:1
+ & "C:\Program 
Files\nodejs/node.exe" 
"C:\Program 
Files\nodejs/node_mo ...
+ ~~~~~~~~~~~~~~~~~~~~~~~~~~~
~~~~~~~~~~~~~~~~~~~~~~~~~~~~~
~~~~~~~~~~~~~
    + CategoryInfo           
   : NotSpecified: (:String  
  ) [], RemoteException
    + FullyQualifiedErrorId  
   : NativeCommandError
 
> Build error occurred
Error: Turbopack build 
failed with 4 errors:
./app/repository/details/[id]
/page.tsx:9:1
Module not found: Can't 
resolve 
'../../../components/Footer'
[0m [90m  7 |[39m 
[36mimport[39m { 
[33mSidebar[39m } 
[36mfrom[39m [32m"../../..
/components/Sidebar"[39m[33
m;[39m
 [90m  8 |[39m 
[36mimport[39m { 
[33mTopHeader[39m } 
[36mfrom[39m [32m"../../..
/components/TopHeader"[39m[
33m;[39m
[31m[1m>[22m[39m[90m  9 
|[39m [36mimport[39m { 
[33mFooter[39m } 
[36mfrom[39m [32m"../../..
/components/Footer"[39m[33m
;[39m
 [90m    |[39m [31m[1m^[
22m[39m[31m[1m^[22m[39m
[31m[1m^[22m[39m[31m[1m^
[22m[39m[31m[1m^[22m[39
m[31m[1m^[22m[39m[31m[1
m^[22m[39m[31m[1m^[22m[
39m[31m[1m^[22m[39m[31m
[1m^[22m[39m[31m[1m^[22m
[39m[31m[1m^[22m[39m[31
m[1m^[22m[39m[31m[1m^[2
2m[39m[31m[1m^[22m[39m[
31m[1m^[22m[39m[31m[1m^
[22m[39m[31m[1m^[22m[39m
[31m[1m^[22m[39m[31m[1m
^[22m[39m[31m[1m^[22m[3
9m[31m[1m^[22m[39m[31m[
1m^[22m[39m[31m[1m^[22m
[39m[31m[1m^[22m[39m[31m
[1m^[22m[39m[31m[1m^[22
m[39m[31m[1m^[22m[39m[3
1m[1m^[22m[39m[31m[1m^[
22m[39m[31m[1m^[22m[39m
[31m[1m^[22m[39m[31m[1m^
[22m[39m[31m[1m^[22m[39
m[31m[1m^[22m[39m[31m[1
m^[22m[39m[31m[1m^[22m[
39m[31m[1m^[22m[39m[31m
[1m^[22m[39m[31m[1m^[22m
[39m[31m[1m^[22m[39m[31
m[1m^[22m[39m[31m[1m^[2
2m[39m[31m[1m^[22m[39m[
31m[1m^[22m[39m[31m[1m^
[22m[39m[31m[1m^[22m[39m
[31m[1m^[22m[39m[31m[1m
^[22m[39m[31m[1m^[22m[3
9m[31m[1m^[22m[39m[31m[
1m^[22m[39m
 [90m 10 |[39m 
[36mimport[39m { [33mHERIT
AGE_TOPICS[39m[33m,[39m ge
tRepositoryEntity[33m,[39m 
[33mHeritageTopic[39m[33m,
[39m [33mUnsungHero[39m[3
3m,[39m 
[33mVirtualExhibit[39m } 
[36mfrom[39m [32m"../data"
[39m[33m;[39m
 [90m 11 |[39m
 [90m 12 |[39m 
[36mexport[39m 
[36mdefault[39m 
[36mfunction[39m [33mRepos
itoryDetailPage[39m({ 
params }[33m:[39m { 
params[33m:[39m { 
id[33m:[39m string } }) 
{[0m



Import traces:
  Client Component Browser:
    ./app/repository/details/
[id]/page.tsx [Client 
Component Browser]
    ./app/repository/details/
[id]/page.tsx [Server 
Component]

  Client Component SSR:
    ./app/repository/details/
[id]/page.tsx [Client 
Component SSR]
    ./app/repository/details/
[id]/page.tsx [Server 
Component]

https://nextjs.org/docs/messa
ges/module-not-found


./app/repository/details/[id]
/page.tsx:7:1
Module not found: Can't 
resolve 
'../../../components/Sidebar'
[0m [90m  5 |[39m 
[36mimport[39m { notFound 
} [36mfrom[39m [32m"next/n
avigation"[39m[33m;[39m
 [90m  6 |[39m 
[36mimport[39m { [33mChevr
onLeft[39m[33m,[39m [33mE
xternalLink[39m[33m,[39m 
[33mLandmark[39m } 
[36mfrom[39m [32m"lucide-r
eact"[39m[33m;[39m
[31m[1m>[22m[39m[90m  7 
|[39m [36mimport[39m { 
[33mSidebar[39m } 
[36mfrom[39m [32m"../../..
/components/Sidebar"[39m[33
m;[39m
 [90m    |[39m [31m[1m^[
22m[39m[31m[1m^[22m[39m
[31m[1m^[22m[39m[31m[1m^
[22m[39m[31m[1m^[22m[39
m[31m[1m^[22m[39m[31m[1
m^[22m[39m[31m[1m^[22m[
39m[31m[1m^[22m[39m[31m
[1m^[22m[39m[31m[1m^[22m
[39m[31m[1m^[22m[39m[31
m[1m^[22m[39m[31m[1m^[2
2m[39m[31m[1m^[22m[39m[
31m[1m^[22m[39m[31m[1m^
[22m[39m[31m[1m^[22m[39m
[31m[1m^[22m[39m[31m[1m
^[22m[39m[31m[1m^[22m[3
9m[31m[1m^[22m[39m[31m[
1m^[22m[39m[31m[1m^[22m
[39m[31m[1m^[22m[39m[31m
[1m^[22m[39m[31m[1m^[22
m[39m[31m[1m^[22m[39m[3
1m[1m^[22m[39m[31m[1m^[
22m[39m[31m[1m^[22m[39m
[31m[1m^[22m[39m[31m[1m^
[22m[39m[31m[1m^[22m[39
m[31m[1m^[22m[39m[31m[1
m^[22m[39m[31m[1m^[22m[
39m[31m[1m^[22m[39m[31m
[1m^[22m[39m[31m[1m^[22m
[39m[31m[1m^[22m[39m[31
m[1m^[22m[39m[31m[1m^[2
2m[39m[31m[1m^[22m[39m[
31m[1m^[22m[39m[31m[1m^
[22m[39m[31m[1m^[22m[39m
[31m[1m^[22m[39m[31m[1m
^[22m[39m[31m[1m^[22m[3
9m[31m[1m^[22m[39m[31m[
1m^[22m[39m[31m[1m^[22m
[39m[31m[1m^[22m[39m
 [90m  8 |[39m 
[36mimport[39m { 
[33mTopHeader[39m } 
[36mfrom[39m [32m"../../..
/components/TopHeader"[39m[
33m;[39m
 [90m  9 |[39m 
[36mimport[39m { 
[33mFooter[39m } 
[36mfrom[39m [32m"../../..
/components/Footer"[39m[33m
;[39m
 [90m 10 |[39m 
[36mimport[39m { [33mHERIT
AGE_TOPICS[39m[33m,[39m ge
tRepositoryEntity[33m,[39m 
[33mHeritageTopic[39m[33m,
[39m [33mUnsungHero[39m[3
3m,[39m 
[33mVirtualExhibit[39m } 
[36mfrom[39m [32m"../data"
[39m[33m;[39m[0m



Import traces:
  Client Component Browser:
    ./app/repository/details/
[id]/page.tsx [Client 
Component Browser]
    ./app/repository/details/
[id]/page.tsx [Server 
Component]

  Client Component SSR:
    ./app/repository/details/
[id]/page.tsx [Client 
Component SSR]
    ./app/repository/details/
[id]/page.tsx [Server 
Component]

https://nextjs.org/docs/messa
ges/module-not-found


./app/repository/details/[id]
/page.tsx:8:1
Module not found: Can't 
resolve '../../../components/
TopHeader'
[0m [90m  6 |[39m 
[36mimport[39m { [33mChevr
onLeft[39m[33m,[39m [33mE
xternalLink[39m[33m,[39m 
[33mLandmark[39m } 
[36mfrom[39m [32m"lucide-r
eact"[39m[33m;[39m
 [90m  7 |[39m 
[36mimport[39m { 
[33mSidebar[39m } 
[36mfrom[39m [32m"../../..
/components/Sidebar"[39m[33
m;[39m
[31m[1m>[22m[39m[90m  8 
|[39m [36mimport[39m { 
[33mTopHeader[39m } 
[36mfrom[39m [32m"../../..
/components/TopHeader"[39m[
33m;[39m
 [90m    |[39m [31m[1m^[
22m[39m[31m[1m^[22m[39m
[31m[1m^[22m[39m[31m[1m^
[22m[39m[31m[1m^[22m[39
m[31m[1m^[22m[39m[31m[1
m^[22m[39m[31m[1m^[22m[
39m[31m[1m^[22m[39m[31m
[1m^[22m[39m[31m[1m^[22m
[39m[31m[1m^[22m[39m[31
m[1m^[22m[39m[31m[1m^[2
2m[39m[31m[1m^[22m[39m[
31m[1m^[22m[39m[31m[1m^
[22m[39m[31m[1m^[22m[39m
[31m[1m^[22m[39m[31m[1m
^[22m[39m[31m[1m^[22m[3
9m[31m[1m^[22m[39m[31m[
1m^[22m[39m[31m[1m^[22m
[39m[31m[1m^[22m[39m[31m
[1m^[22m[39m[31m[1m^[22
m[39m[31m[1m^[22m[39m[3
1m[1m^[22m[39m[31m[1m^[
22m[39m[31m[1m^[22m[39m
[31m[1m^[22m[39m[31m[1m^
[22m[39m[31m[1m^[22m[39
m[31m[1m^[22m[39m[31m[1
m^[22m[39m[31m[1m^[22m[
39m[31m[1m^[22m[39m[31m
[1m^[22m[39m[31m[1m^[22m
[39m[31m[1m^[22m[39m[31
m[1m^[22m[39m[31m[1m^[2
2m[39m[31m[1m^[22m[39m[
31m[1m^[22m[39m[31m[1m^
[22m[39m[31m[1m^[22m[39m
[31m[1m^[22m[39m[31m[1m
^[22m[39m[31m[1m^[22m[3
9m[31m[1m^[22m[39m[31m[
1m^[22m[39m[31m[1m^[22m
[39m[31m[1m^[22m[39m[31m
[1m^[22m[39m[31m[1m^[22
m[39m[31m[1m^[22m[39m[3
1m[1m^[22m[39m
 [90m  9 |[39m 
[36mimport[39m { 
[33mFooter[39m } 
[36mfrom[39m [32m"../../..
/components/Footer"[39m[33m
;[39m
 [90m 10 |[39m 
[36mimport[39m { [33mHERIT
AGE_TOPICS[39m[33m,[39m ge
tRepositoryEntity[33m,[39m 
[33mHeritageTopic[39m[33m,
[39m [33mUnsungHero[39m[3
3m,[39m 
[33mVirtualExhibit[39m } 
[36mfrom[39m [32m"../data"
[39m[33m;[39m
 [90m 11 |[39m[0m



Import traces:
  Client Component Browser:
    ./app/repository/details/
[id]/page.tsx [Client 
Component Browser]
    ./app/repository/details/
[id]/page.tsx [Server 
Component]

  Client Component SSR:
    ./app/repository/details/
[id]/page.tsx [Client 
Component SSR]
    ./app/repository/details/
[id]/page.tsx [Server 
Component]

https://nextjs.org/docs/messa
ges/module-not-found


./app/repository/details/[id]
/page.tsx:10:1
Module not found: Can't 
resolve '../data'
[0m [90m  8 |[39m 
[36mimport[39m { 
[33mTopHeader[39m } 
[36mfrom[39m [32m"../../..
/components/TopHeader"[39m[
33m;[39m
 [90m  9 |[39m 
[36mimport[39m { 
[33mFooter[39m } 
[36mfrom[39m [32m"../../..
/components/Footer"[39m[33m
;[39m
[31m[1m>[22m[39m[90m 10 
|[39m [36mimport[39m { [3
3mHERITAGE_TOPICS[39m[33m,
[39m getRepositoryEntity[33m
,[39m [33mHeritageTopic[39
m[33m,[39m [33mUnsungHero
[39m[33m,[39m 
[33mVirtualExhibit[39m } 
[36mfrom[39m [32m"../data"
[39m[33m;[39m
 [90m    |[39m [31m[1m^[
22m[39m[31m[1m^[22m[39m
[31m[1m^[22m[39m[31m[1m^
[22m[39m[31m[1m^[22m[39
m[31m[1m^[22m[39m[31m[1
m^[22m[39m[31m[1m^[22m[
39m[31m[1m^[22m[39m[31m
[1m^[22m[39m[31m[1m^[22m
[39m[31m[1m^[22m[39m[31
m[1m^[22m[39m[31m[1m^[2
2m[39m[31m[1m^[22m[39m[
31m[1m^[22m[39m[31m[1m^
[22m[39m[31m[1m^[22m[39m
[31m[1m^[22m[39m[31m[1m
^[22m[39m[31m[1m^[22m[3
9m[31m[1m^[22m[39m[31m[
1m^[22m[39m[31m[1m^[22m
[39m[31m[1m^[22m[39m[31m
[1m^[22m[39m[31m[1m^[22
m[39m[31m[1m^[22m[39m[3
1m[1m^[22m[39m[31m[1m^[
22m[39m[31m[1m^[22m[39m
[31m[1m^[22m[39m[31m[1m^
[22m[39m[31m[1m^[22m[39
m[31m[1m^[22m[39m[31m[1
m^[22m[39m[31m[1m^[22m[
39m[31m[1m^[22m[39m[31m
[1m^[22m[39m[31m[1m^[22m
[39m[31m[1m^[22m[39m[31
m[1m^[22m[39m[31m[1m^[2
2m[39m[31m[1m^[22m[39m[
31m[1m^[22m[39m[31m[1m^
[22m[39m[31m[1m^[22m[39m
[31m[1m^[22m[39m[31m[1m
^[22m[39m[31m[1m^[22m[3
9m[31m[1m^[22m[39m[31m[
1m^[22m[39m[31m[1m^[22m
[39m[31m[1m^[22m[39m[31m
[1m^[22m[39m[31m[1m^[22
m[39m[31m[1m^[22m[39m[3
1m[1m^[22m[39m[31m[1m^[
22m[39m[31m[1m^[22m[39m
[31m[1m^[22m[39m[31m[1m^
[22m[39m[31m[1m^[22m[39
m[31m[1m^[22m[39m[31m[1
m^[22m[39m[31m[1m^[22m[
39m[31m[1m^[22m[39m[31m
[1m^[22m[39m[31m[1m^[22m
[39m[31m[1m^[22m[39m[31
m[1m^[22m[39m[31m[1m^[2
2m[39m[31m[1m^[22m[39m[
31m[1m^[22m[39m[31m[1m^
[22m[39m[31m[1m^[22m[39m
[31m[1m^[22m[39m[31m[1m
^[22m[39m[31m[1m^[22m[3
9m[31m[1m^[22m[39m[31m[
1m^[22m[39m[31m[1m^[22m
[39m[31m[1m^[22m[39m[31m
[1m^[22m[39m[31m[1m^[22
m[39m[31m[1m^[22m[39m[3
1m[1m^[22m[39m[31m[1m^[
22m[39m[31m[1m^[22m[39m
[31m[1m^[22m[39m[31m[1m^
[22m[39m[31m[1m^[22m[39
m[31m[1m^[22m[39m[31m[1
m^[22m[39m[31m[1m^[22m[
39m[31m[1m^[22m[39m[31m
[1m^[22m[39m[31m[1m^[22m
[39m[31m[1m^[22m[39m[31
m[1m^[22m[39m[31m[1m^[2
2m[39m[31m[1m^[22m[39m[
31m[1m^[22m[39m[31m[1m^
[22m[39m[31m[1m^[22m[39m
[31m[1m^[22m[39m
 [90m 11 |[39m
 [90m 12 |[39m 
[36mexport[39m 
[36mdefault[39m 
[36mfunction[39m [33mRepos
itoryDetailPage[39m({ 
params }[33m:[39m { 
params[33m:[39m { 
id[33m:[39m string } }) {
 [90m 13 |[39m   
[36mconst[39m entity 
[33m=[39m getRepositoryEnti
ty(params[33m.[39mid) 
[36mas[39m[0m



Import traces:
  Client Component Browser:
    ./app/repository/details/
[id]/page.tsx [Client 
Component Browser]
    ./app/repository/details/
[id]/page.tsx [Server 
Component]

  Client Component SSR:
    ./app/repository/details/
[id]/page.tsx [Client 
Component SSR]
    ./app/repository/details/
[id]/page.tsx [Server 
Component]

https://nextjs.org/docs/messa
ges/module-not-found


    at <unknown> (./app/repos
itory/details/[id]/page.tsx:9
:1)
    at <unknown> (https://nex
tjs.org/docs/messages/module-
not-found)
    at <unknown> (./app/repos
itory/details/[id]/page.tsx:7
:1)
    at <unknown> (https://nex
tjs.org/docs/messages/module-
not-found)
    at <unknown> (./app/repos
itory/details/[id]/page.tsx:8
:1)
    at <unknown> (https://nex
tjs.org/docs/messages/module-
not-found)
    at <unknown> (./app/repos
itory/details/[id]/page.tsx:1
0:1)
    at <unknown> (https://nex
tjs.org/docs/messages/module-
not-found)
